// Jest Snapshot v1, https://goo.gl/fbAQLP

exports[`Jest Test Environment supports snapshots 1`] = `
{
  "message": "Smoke test complete",
  "success": true,
  "timestamp": Any<String>,
}
`;
